main.cpp:92:5:int main()	48	static
main.cpp:171:6:void SystemClock_Config()	120	static
main.cpp:218:13:void MX_I2C2_Init()	8	static
main.cpp:264:13:void MX_SPI1_Init()	8	static
main.cpp:302:13:void MX_SPI2_Init()	8	static
main.cpp:340:13:void MX_USART1_UART_Init()	8	static
main.cpp:375:13:void MX_USART2_UART_Init()	8	static
main.cpp:410:13:void MX_GPIO_Init()	48	static
main.cpp:451:6:void StartDefaultTask(const void*)	16	static
main.cpp:481:6:void HAL_TIM_PeriodElapsedCallback(TIM_HandleTypeDef*)	16	static
main.cpp:498:6:void Error_Handler()	8	static
main.cpp:504:1:void __static_initialization_and_destruction_0(int, int)	96	static
main.cpp:504:1:cpp)	8	static
main.cpp:504:1:cpp)	8	static
